15-07-2026 02:55:56 [background-preinit] INFO   org.hibernate.validator.internal.util.Version - HV000001: Hibernate Validator 8.0.1.Final
15-07-2026 02:55:56 [main] INFO   com.cat.inv.CatalogosInventariosApplication - Starting CatalogosInventariosApplication using Java 26.0.1 with PID 29440 (C:\Users\chief\OneDrive\Documentos\ProyectosEclipse\CatalogosInventarios\target\classes started by chief in C:\Users\chief\OneDrive\Documentos\ProyectosEclipse\CatalogosInventarios)
15-07-2026 02:55:56 [main] INFO   com.cat.inv.CatalogosInventariosApplication - No active profile set, falling back to 1 default profile: "default"
15-07-2026 02:55:56 [main] INFO   org.springframework.data.repository.config.RepositoryConfigurationDelegate - Bootstrapping Spring Data JDBC repositories in DEFAULT mode.
15-07-2026 02:55:56 [main] INFO   org.springframework.data.repository.config.RepositoryConfigurationDelegate - Finished Spring Data repository scanning in 13 ms. Found 0 JDBC repository interfaces.
15-07-2026 02:55:57 [main] INFO   org.springframework.ws.soap.addressing.server.AnnotationActionEndpointMapping - Supporting [WS-Addressing August 2004, WS-Addressing 1.0]
15-07-2026 02:55:57 [main] INFO   org.springframework.boot.web.embedded.tomcat.TomcatWebServer - Tomcat initialized with port 8530 (http)
15-07-2026 02:55:57 [main] INFO   org.apache.coyote.http11.Http11NioProtocol - Initializing ProtocolHandler ["http-nio-8530"]
15-07-2026 02:55:57 [main] INFO   org.apache.catalina.core.StandardService - Starting service [Tomcat]
15-07-2026 02:55:57 [main] INFO   org.apache.catalina.core.StandardEngine - Starting Servlet engine: [Apache Tomcat/10.1.30]
15-07-2026 02:55:57 [main] INFO   org.apache.catalina.core.ContainerBase.[Tomcat].[localhost].[/] - Initializing Spring embedded WebApplicationContext
15-07-2026 02:55:57 [main] INFO   org.springframework.boot.web.servlet.context.ServletWebServerApplicationContext - Root WebApplicationContext: initialization completed in 1197 ms
15-07-2026 02:55:58 [main] INFO   com.zaxxer.hikari.HikariDataSource - HikariPool-Catalogos - Starting...
15-07-2026 02:56:00 [main] INFO   com.zaxxer.hikari.pool.HikariPool - HikariPool-Catalogos - Added connection oracle.jdbc.driver.T4CConnection@6c6c2a73
15-07-2026 02:56:00 [main] INFO   com.zaxxer.hikari.HikariDataSource - HikariPool-Catalogos - Start completed.
15-07-2026 02:56:00 [main] INFO   org.apache.coyote.http11.Http11NioProtocol - Starting ProtocolHandler ["http-nio-8530"]
15-07-2026 02:56:00 [main] INFO   org.springframework.boot.web.embedded.tomcat.TomcatWebServer - Tomcat started on port 8530 (http) with context path '/'
15-07-2026 02:56:00 [main] INFO   com.cat.inv.CatalogosInventariosApplication - Started CatalogosInventariosApplication in 4.493 seconds (process running for 5.193)
15-07-2026 02:58:54 [http-nio-8530-exec-2] INFO   org.apache.catalina.core.ContainerBase.[Tomcat].[localhost].[/] - Initializing Spring DispatcherServlet 'dispatcherServlet'
15-07-2026 02:58:54 [http-nio-8530-exec-2] INFO   org.springframework.web.servlet.DispatcherServlet - Initializing Servlet 'dispatcherServlet'
15-07-2026 02:58:54 [http-nio-8530-exec-2] INFO   org.springframework.web.servlet.DispatcherServlet - Completed initialization in 1 ms
15-07-2026 02:58:54 [http-nio-8530-exec-2] INFO  a14417bb-bbcc-4e62-b405-1784e76a234f com.cat.inv.configuaciones.FiltroPeticionLogeado - ➡️ Nueva petición | IP=127.0.0.1 | Método=POST | Endpoint=/Inventario/v1/Catalogos/Consulta/Catalogo | RequestId=a14417bb-bbcc-4e62-b405-1784e76a234f
15-07-2026 02:58:54 [http-nio-8530-exec-2] INFO  a14417bb-bbcc-4e62-b405-1784e76a234f com.cat.inv.servicio.CatalogoInv - 🔐 Validando credenciales...
15-07-2026 02:58:54 [http-nio-8530-exec-2] INFO  a14417bb-bbcc-4e62-b405-1784e76a234f com.cat.inv.servicio.CatalogoInv - ✔ Credenciales válidas, consultando catálogo...
15-07-2026 02:58:54 [http-nio-8530-exec-2] INFO  a14417bb-bbcc-4e62-b405-1784e76a234f com.cat.inv.repositorio.ConsultaCatalogo - Ejecutando SP de consulta a la BD
15-07-2026 02:58:57 [http-nio-8530-exec-2] INFO  a14417bb-bbcc-4e62-b405-1784e76a234f com.cat.inv.servicio.CatalogoInv - 📤 Consulta completada. Registros obtenidos: 126
15-07-2026 02:58:57 [http-nio-8530-exec-2] INFO  a14417bb-bbcc-4e62-b405-1784e76a234f com.cat.inv.configuaciones.FiltroPeticionLogeado - ⬅️ Petición finalizada | RequestId=a14417bb-bbcc-4e62-b405-1784e76a234f | Tiempo=2917 ms
15-07-2026 03:00:12 [http-nio-8530-exec-1] INFO  53afd161-e1bd-4dda-be72-fb15b37189be com.cat.inv.configuaciones.FiltroPeticionLogeado - ➡️ Nueva petición | IP=127.0.0.1 | Método=POST | Endpoint=/Inventario/v1/Catalogos/Consulta/Catalogo | RequestId=53afd161-e1bd-4dda-be72-fb15b37189be
15-07-2026 03:00:12 [http-nio-8530-exec-1] INFO  53afd161-e1bd-4dda-be72-fb15b37189be com.cat.inv.servicio.CatalogoInv - 🔐 Validando credenciales...
15-07-2026 03:00:12 [http-nio-8530-exec-1] INFO  53afd161-e1bd-4dda-be72-fb15b37189be com.cat.inv.servicio.CatalogoInv - ✔ Credenciales válidas, consultando catálogo...
15-07-2026 03:00:12 [http-nio-8530-exec-1] INFO  53afd161-e1bd-4dda-be72-fb15b37189be com.cat.inv.repositorio.ConsultaCatalogo - Ejecutando SP de consulta a la BD
15-07-2026 03:00:13 [http-nio-8530-exec-1] INFO  53afd161-e1bd-4dda-be72-fb15b37189be com.cat.inv.servicio.CatalogoInv - 📤 Consulta completada. Registros obtenidos: 126
15-07-2026 03:00:13 [http-nio-8530-exec-1] INFO  53afd161-e1bd-4dda-be72-fb15b37189be com.cat.inv.configuaciones.FiltroPeticionLogeado - ⬅️ Petición finalizada | RequestId=53afd161-e1bd-4dda-be72-fb15b37189be | Tiempo=1063 ms
15-07-2026 03:00:33 [http-nio-8530-exec-5] INFO  02f2f7e6-21ab-4730-b7ee-3dade039b60c com.cat.inv.configuaciones.FiltroPeticionLogeado - ➡️ Nueva petición | IP=127.0.0.1 | Método=POST | Endpoint=/crud/cat/inv/cargar | RequestId=02f2f7e6-21ab-4730-b7ee-3dade039b60c
15-07-2026 03:00:33 [http-nio-8530-exec-5] INFO  02f2f7e6-21ab-4730-b7ee-3dade039b60c com.cat.inv.servicio.AdminCatalogos - --- [Peticion] Iniciando procesamiento de JSON ---
15-07-2026 03:00:33 [http-nio-8530-exec-5] INFO  02f2f7e6-21ab-4730-b7ee-3dade039b60c com.cat.inv.servicio.AdminCatalogos - Credenciales válidas. Enviando datos a Oracle...
15-07-2026 03:00:33 [http-nio-8530-exec-5] INFO  02f2f7e6-21ab-4730-b7ee-3dade039b60c com.cat.inv.repositorio.AdminCatalogo - Se ejecuta SP Oracle...
15-07-2026 03:00:34 [http-nio-8530-exec-5] INFO  02f2f7e6-21ab-4730-b7ee-3dade039b60c com.cat.inv.configuaciones.FiltroPeticionLogeado - ⬅️ Petición finalizada | RequestId=02f2f7e6-21ab-4730-b7ee-3dade039b60c | Tiempo=1305 ms
15-07-2026 03:00:40 [http-nio-8530-exec-6] INFO  bd7b9faa-bc0d-4ca8-ae49-337e9d67225d com.cat.inv.configuaciones.FiltroPeticionLogeado - ➡️ Nueva petición | IP=127.0.0.1 | Método=POST | Endpoint=/Inventario/v1/Catalogos/Consulta/Catalogo | RequestId=bd7b9faa-bc0d-4ca8-ae49-337e9d67225d
15-07-2026 03:00:40 [http-nio-8530-exec-6] INFO  bd7b9faa-bc0d-4ca8-ae49-337e9d67225d com.cat.inv.servicio.CatalogoInv - 🔐 Validando credenciales...
15-07-2026 03:00:40 [http-nio-8530-exec-6] INFO  bd7b9faa-bc0d-4ca8-ae49-337e9d67225d com.cat.inv.servicio.CatalogoInv - ✔ Credenciales válidas, consultando catálogo...
15-07-2026 03:00:40 [http-nio-8530-exec-6] INFO  bd7b9faa-bc0d-4ca8-ae49-337e9d67225d com.cat.inv.repositorio.ConsultaCatalogo - Ejecutando SP de consulta a la BD
15-07-2026 03:00:41 [http-nio-8530-exec-6] INFO  bd7b9faa-bc0d-4ca8-ae49-337e9d67225d com.cat.inv.servicio.CatalogoInv - 📤 Consulta completada. Registros obtenidos: 126
15-07-2026 03:00:41 [http-nio-8530-exec-6] INFO  bd7b9faa-bc0d-4ca8-ae49-337e9d67225d com.cat.inv.configuaciones.FiltroPeticionLogeado - ⬅️ Petición finalizada | RequestId=bd7b9faa-bc0d-4ca8-ae49-337e9d67225d | Tiempo=1059 ms
15-07-2026 03:01:03 [http-nio-8530-exec-4] INFO  12e5a5c2-28b4-4867-bd6f-19ee2110c5ce com.cat.inv.configuaciones.FiltroPeticionLogeado - ➡️ Nueva petición | IP=127.0.0.1 | Método=POST | Endpoint=/crud/cat/inv/cargar | RequestId=12e5a5c2-28b4-4867-bd6f-19ee2110c5ce
15-07-2026 03:01:03 [http-nio-8530-exec-4] INFO  12e5a5c2-28b4-4867-bd6f-19ee2110c5ce com.cat.inv.servicio.AdminCatalogos - --- [Peticion] Iniciando procesamiento de JSON ---
15-07-2026 03:01:03 [http-nio-8530-exec-4] INFO  12e5a5c2-28b4-4867-bd6f-19ee2110c5ce com.cat.inv.configuaciones.FiltroPeticionLogeado - ⬅️ Petición finalizada | RequestId=12e5a5c2-28b4-4867-bd6f-19ee2110c5ce | Tiempo=6 ms
15-07-2026 03:01:35 [http-nio-8530-exec-7] INFO  f6113718-78a3-4ade-a8dd-ec2355edfe22 com.cat.inv.configuaciones.FiltroPeticionLogeado - ➡️ Nueva petición | IP=127.0.0.1 | Método=POST | Endpoint=/Inventario/v1/Catalogos/Consulta/Catalogo | RequestId=f6113718-78a3-4ade-a8dd-ec2355edfe22
15-07-2026 03:01:35 [http-nio-8530-exec-7] INFO  f6113718-78a3-4ade-a8dd-ec2355edfe22 com.cat.inv.servicio.CatalogoInv - 🔐 Validando credenciales...
15-07-2026 03:01:35 [http-nio-8530-exec-7] INFO  f6113718-78a3-4ade-a8dd-ec2355edfe22 com.cat.inv.configuaciones.FiltroPeticionLogeado - ⬅️ Petición finalizada | RequestId=f6113718-78a3-4ade-a8dd-ec2355edfe22 | Tiempo=18 ms
15-07-2026 03:01:53 [http-nio-8530-exec-3] INFO  0172994f-886b-4a6b-8855-94ae0ba859e8 com.cat.inv.configuaciones.FiltroPeticionLogeado - ➡️ Nueva petición | IP=127.0.0.1 | Método=POST | Endpoint=/Inventario/v1/Catalogos/Consulta/Catalogo | RequestId=0172994f-886b-4a6b-8855-94ae0ba859e8
15-07-2026 03:01:53 [http-nio-8530-exec-3] INFO  0172994f-886b-4a6b-8855-94ae0ba859e8 com.cat.inv.servicio.CatalogoInv - 🔐 Validando credenciales...
15-07-2026 03:01:53 [http-nio-8530-exec-3] INFO  0172994f-886b-4a6b-8855-94ae0ba859e8 com.cat.inv.servicio.CatalogoInv - ✔ Credenciales válidas, consultando catálogo...
15-07-2026 03:01:53 [http-nio-8530-exec-3] INFO  0172994f-886b-4a6b-8855-94ae0ba859e8 com.cat.inv.repositorio.ConsultaCatalogo - Ejecutando SP de consulta a la BD
15-07-2026 03:01:54 [http-nio-8530-exec-3] INFO  0172994f-886b-4a6b-8855-94ae0ba859e8 com.cat.inv.servicio.CatalogoInv - 📤 Consulta completada. Registros obtenidos: 126
15-07-2026 03:01:54 [http-nio-8530-exec-3] INFO  0172994f-886b-4a6b-8855-94ae0ba859e8 com.cat.inv.configuaciones.FiltroPeticionLogeado - ⬅️ Petición finalizada | RequestId=0172994f-886b-4a6b-8855-94ae0ba859e8 | Tiempo=1058 ms
15-07-2026 03:02:23 [http-nio-8530-exec-10] INFO  b92b4a9d-d9a3-4fa3-ae2f-7504754b921f com.cat.inv.configuaciones.FiltroPeticionLogeado - ➡️ Nueva petición | IP=127.0.0.1 | Método=POST | Endpoint=/crud/cat/inv/cargar | RequestId=b92b4a9d-d9a3-4fa3-ae2f-7504754b921f
15-07-2026 03:02:23 [http-nio-8530-exec-10] INFO  b92b4a9d-d9a3-4fa3-ae2f-7504754b921f com.cat.inv.servicio.AdminCatalogos - --- [Peticion] Iniciando procesamiento de JSON ---
15-07-2026 03:02:23 [http-nio-8530-exec-10] INFO  b92b4a9d-d9a3-4fa3-ae2f-7504754b921f com.cat.inv.servicio.AdminCatalogos - Credenciales válidas. Enviando datos a Oracle...
15-07-2026 03:02:23 [http-nio-8530-exec-10] INFO  b92b4a9d-d9a3-4fa3-ae2f-7504754b921f com.cat.inv.repositorio.AdminCatalogo - Se ejecuta SP Oracle...
15-07-2026 03:02:24 [http-nio-8530-exec-10] INFO  b92b4a9d-d9a3-4fa3-ae2f-7504754b921f com.cat.inv.configuaciones.FiltroPeticionLogeado - ⬅️ Petición finalizada | RequestId=b92b4a9d-d9a3-4fa3-ae2f-7504754b921f | Tiempo=1237 ms
15-07-2026 03:02:30 [http-nio-8530-exec-8] INFO  d96126da-7011-491f-a3b6-a6990526f085 com.cat.inv.configuaciones.FiltroPeticionLogeado - ➡️ Nueva petición | IP=127.0.0.1 | Método=POST | Endpoint=/Inventario/v1/Catalogos/Consulta/Catalogo | RequestId=d96126da-7011-491f-a3b6-a6990526f085
15-07-2026 03:02:30 [http-nio-8530-exec-8] INFO  d96126da-7011-491f-a3b6-a6990526f085 com.cat.inv.servicio.CatalogoInv - 🔐 Validando credenciales...
15-07-2026 03:02:30 [http-nio-8530-exec-8] INFO  d96126da-7011-491f-a3b6-a6990526f085 com.cat.inv.servicio.CatalogoInv - ✔ Credenciales válidas, consultando catálogo...
15-07-2026 03:02:30 [http-nio-8530-exec-8] INFO  d96126da-7011-491f-a3b6-a6990526f085 com.cat.inv.repositorio.ConsultaCatalogo - Ejecutando SP de consulta a la BD
15-07-2026 03:02:31 [http-nio-8530-exec-8] INFO  d96126da-7011-491f-a3b6-a6990526f085 com.cat.inv.servicio.CatalogoInv - 📤 Consulta completada. Registros obtenidos: 126
15-07-2026 03:02:31 [http-nio-8530-exec-8] INFO  d96126da-7011-491f-a3b6-a6990526f085 com.cat.inv.configuaciones.FiltroPeticionLogeado - ⬅️ Petición finalizada | RequestId=d96126da-7011-491f-a3b6-a6990526f085 | Tiempo=1067 ms
15-07-2026 03:03:11 [RMI TCP Connection(11)-127.0.0.1] INFO   org.springframework.boot.admin.SpringApplicationAdminMXBeanRegistrar$SpringApplicationAdmin - Application shutdown requested.
15-07-2026 03:03:11 [RMI TCP Connection(11)-127.0.0.1] INFO   org.apache.coyote.http11.Http11NioProtocol - Stopping ProtocolHandler ["http-nio-8530"]
15-07-2026 03:03:11 [RMI TCP Connection(11)-127.0.0.1] INFO   com.zaxxer.hikari.HikariDataSource - HikariPool-Catalogos - Shutdown initiated...
15-07-2026 03:03:21 [RMI TCP Connection(11)-127.0.0.1] INFO   com.zaxxer.hikari.HikariDataSource - HikariPool-Catalogos - Shutdown completed.
15-07-2026 21:09:44 [background-preinit] INFO   org.hibernate.validator.internal.util.Version - HV000001: Hibernate Validator 8.0.1.Final
15-07-2026 21:09:44 [main] INFO   com.cat.inv.CatalogosInventariosApplication - Starting CatalogosInventariosApplication using Java 26.0.1 with PID 27208 (C:\Users\chief\OneDrive\Documentos\ProyectosEclipse\CatalogosInventarios\target\classes started by chief in C:\Users\chief\OneDrive\Documentos\ProyectosEclipse\CatalogosInventarios)
15-07-2026 21:09:44 [main] INFO   com.cat.inv.CatalogosInventariosApplication - No active profile set, falling back to 1 default profile: "default"
15-07-2026 21:09:45 [main] INFO   org.springframework.data.repository.config.RepositoryConfigurationDelegate - Bootstrapping Spring Data JDBC repositories in DEFAULT mode.
15-07-2026 21:09:45 [main] INFO   org.springframework.data.repository.config.RepositoryConfigurationDelegate - Finished Spring Data repository scanning in 21 ms. Found 0 JDBC repository interfaces.
15-07-2026 21:09:45 [main] INFO   org.springframework.ws.soap.addressing.server.AnnotationActionEndpointMapping - Supporting [WS-Addressing August 2004, WS-Addressing 1.0]
15-07-2026 21:09:46 [main] INFO   org.springframework.boot.web.embedded.tomcat.TomcatWebServer - Tomcat initialized with port 8530 (http)
15-07-2026 21:09:46 [main] INFO   org.apache.coyote.http11.Http11NioProtocol - Initializing ProtocolHandler ["http-nio-8530"]
15-07-2026 21:09:46 [main] INFO   org.apache.catalina.core.StandardService - Starting service [Tomcat]
15-07-2026 21:09:46 [main] INFO   org.apache.catalina.core.StandardEngine - Starting Servlet engine: [Apache Tomcat/10.1.30]
15-07-2026 21:09:46 [main] INFO   org.apache.catalina.core.ContainerBase.[Tomcat].[localhost].[/] - Initializing Spring embedded WebApplicationContext
15-07-2026 21:09:46 [main] INFO   org.springframework.boot.web.servlet.context.ServletWebServerApplicationContext - Root WebApplicationContext: initialization completed in 1828 ms
15-07-2026 21:09:47 [main] INFO   com.zaxxer.hikari.HikariDataSource - HikariPool-Catalogos - Starting...
15-07-2026 21:09:49 [main] INFO   com.zaxxer.hikari.pool.HikariPool - HikariPool-Catalogos - Added connection oracle.jdbc.driver.T4CConnection@1187dc82
15-07-2026 21:09:49 [main] INFO   com.zaxxer.hikari.HikariDataSource - HikariPool-Catalogos - Start completed.
15-07-2026 21:09:49 [main] INFO   org.apache.coyote.http11.Http11NioProtocol - Starting ProtocolHandler ["http-nio-8530"]
15-07-2026 21:09:49 [main] INFO   org.springframework.boot.web.embedded.tomcat.TomcatWebServer - Tomcat started on port 8530 (http) with context path '/'
15-07-2026 21:09:49 [main] INFO   com.cat.inv.CatalogosInventariosApplication - Started CatalogosInventariosApplication in 5.816 seconds (process running for 6.629)
15-07-2026 21:10:24 [http-nio-8530-exec-1] INFO   org.apache.catalina.core.ContainerBase.[Tomcat].[localhost].[/] - Initializing Spring DispatcherServlet 'dispatcherServlet'
15-07-2026 21:10:24 [http-nio-8530-exec-1] INFO   org.springframework.web.servlet.DispatcherServlet - Initializing Servlet 'dispatcherServlet'
15-07-2026 21:10:24 [http-nio-8530-exec-1] INFO   org.springframework.web.servlet.DispatcherServlet - Completed initialization in 1 ms
15-07-2026 21:10:24 [http-nio-8530-exec-1] INFO  bf8992b4-ff81-471c-a460-810286696764 com.cat.inv.configuaciones.FiltroPeticionLogeado - ➡️ Nueva petición | IP=127.0.0.1 | Método=POST | Endpoint=/Inventario/v1/Catalogos/Consulta/Catalogo | RequestId=bf8992b4-ff81-471c-a460-810286696764
15-07-2026 21:10:24 [http-nio-8530-exec-1] INFO  bf8992b4-ff81-471c-a460-810286696764 com.cat.inv.servicio.CatalogoInv - 🔐 Validando credenciales...
15-07-2026 21:10:24 [http-nio-8530-exec-1] INFO  bf8992b4-ff81-471c-a460-810286696764 com.cat.inv.servicio.CatalogoInv - ✔ Credenciales válidas, consultando catálogo...
15-07-2026 21:10:24 [http-nio-8530-exec-1] INFO  bf8992b4-ff81-471c-a460-810286696764 com.cat.inv.repositorio.ConsultaCatalogo - Ejecutando SP de consulta a la BD
15-07-2026 21:10:26 [http-nio-8530-exec-1] INFO  bf8992b4-ff81-471c-a460-810286696764 com.cat.inv.servicio.CatalogoInv - 📤 Consulta completada. Registros obtenidos: 126
15-07-2026 21:10:27 [http-nio-8530-exec-1] INFO  bf8992b4-ff81-471c-a460-810286696764 com.cat.inv.configuaciones.FiltroPeticionLogeado - ⬅️ Petición finalizada | RequestId=bf8992b4-ff81-471c-a460-810286696764 | Tiempo=2680 ms
15-07-2026 21:11:23 [http-nio-8530-exec-2] INFO  3ecfe72f-52d7-4f3b-844d-4e4e766f2ced com.cat.inv.configuaciones.FiltroPeticionLogeado - ➡️ Nueva petición | IP=127.0.0.1 | Método=POST | Endpoint=/Inventario/v1/Catalogos/Consulta/Catalogo | RequestId=3ecfe72f-52d7-4f3b-844d-4e4e766f2ced
15-07-2026 21:11:23 [http-nio-8530-exec-2] INFO  3ecfe72f-52d7-4f3b-844d-4e4e766f2ced com.cat.inv.servicio.CatalogoInv - 🔐 Validando credenciales...
15-07-2026 21:11:23 [http-nio-8530-exec-2] INFO  3ecfe72f-52d7-4f3b-844d-4e4e766f2ced com.cat.inv.servicio.CatalogoInv - ✔ Credenciales válidas, consultando catálogo...
15-07-2026 21:11:23 [http-nio-8530-exec-2] INFO  3ecfe72f-52d7-4f3b-844d-4e4e766f2ced com.cat.inv.repositorio.ConsultaCatalogo - Ejecutando SP de consulta a la BD
15-07-2026 21:11:24 [http-nio-8530-exec-2] INFO  3ecfe72f-52d7-4f3b-844d-4e4e766f2ced com.cat.inv.servicio.CatalogoInv - 📤 Consulta completada. Registros obtenidos: 126
15-07-2026 21:11:24 [http-nio-8530-exec-2] INFO  3ecfe72f-52d7-4f3b-844d-4e4e766f2ced com.cat.inv.configuaciones.FiltroPeticionLogeado - ⬅️ Petición finalizada | RequestId=3ecfe72f-52d7-4f3b-844d-4e4e766f2ced | Tiempo=1070 ms
15-07-2026 21:20:23 [http-nio-8530-exec-4] INFO  c0be3081-717d-41c3-9a6e-68cf77bf8eb0 com.cat.inv.configuaciones.FiltroPeticionLogeado - ➡️ Nueva petición | IP=127.0.0.1 | Método=POST | Endpoint=/Inventario/v1/Catalogos/Consulta/Catalogo | RequestId=c0be3081-717d-41c3-9a6e-68cf77bf8eb0
15-07-2026 21:20:23 [http-nio-8530-exec-4] INFO  c0be3081-717d-41c3-9a6e-68cf77bf8eb0 com.cat.inv.servicio.CatalogoInv - 🔐 Validando credenciales...
15-07-2026 21:20:23 [http-nio-8530-exec-4] INFO  c0be3081-717d-41c3-9a6e-68cf77bf8eb0 com.cat.inv.servicio.CatalogoInv - ✔ Credenciales válidas, consultando catálogo...
15-07-2026 21:20:23 [http-nio-8530-exec-4] INFO  c0be3081-717d-41c3-9a6e-68cf77bf8eb0 com.cat.inv.repositorio.ConsultaCatalogo - Ejecutando SP de consulta a la BD
15-07-2026 21:20:39 [http-nio-8530-exec-4] INFO  c0be3081-717d-41c3-9a6e-68cf77bf8eb0 com.cat.inv.servicio.CatalogoInv - 📤 Consulta completada. Registros obtenidos: 126
15-07-2026 21:20:39 [http-nio-8530-exec-4] INFO  c0be3081-717d-41c3-9a6e-68cf77bf8eb0 com.cat.inv.configuaciones.FiltroPeticionLogeado - ⬅️ Petición finalizada | RequestId=c0be3081-717d-41c3-9a6e-68cf77bf8eb0 | Tiempo=16095 ms
15-07-2026 21:22:11 [http-nio-8530-exec-8] INFO  9aa97bf6-2c14-490b-bec6-193d7fffbdd0 com.cat.inv.configuaciones.FiltroPeticionLogeado - ➡️ Nueva petición | IP=127.0.0.1 | Método=POST | Endpoint=/Inventario/v1/Catalogos/Consulta/Catalogo | RequestId=9aa97bf6-2c14-490b-bec6-193d7fffbdd0
15-07-2026 21:22:11 [http-nio-8530-exec-8] INFO  9aa97bf6-2c14-490b-bec6-193d7fffbdd0 com.cat.inv.servicio.CatalogoInv - 🔐 Validando credenciales...
15-07-2026 21:22:11 [http-nio-8530-exec-8] INFO  9aa97bf6-2c14-490b-bec6-193d7fffbdd0 com.cat.inv.servicio.CatalogoInv - ✔ Credenciales válidas, consultando catálogo...
15-07-2026 21:22:11 [http-nio-8530-exec-8] INFO  9aa97bf6-2c14-490b-bec6-193d7fffbdd0 com.cat.inv.repositorio.ConsultaCatalogo - Ejecutando SP de consulta a la BD
15-07-2026 21:22:12 [http-nio-8530-exec-8] INFO  9aa97bf6-2c14-490b-bec6-193d7fffbdd0 com.cat.inv.servicio.CatalogoInv - 📤 Consulta completada. Registros obtenidos: 126
15-07-2026 21:22:12 [http-nio-8530-exec-8] INFO  9aa97bf6-2c14-490b-bec6-193d7fffbdd0 com.cat.inv.configuaciones.FiltroPeticionLogeado - ⬅️ Petición finalizada | RequestId=9aa97bf6-2c14-490b-bec6-193d7fffbdd0 | Tiempo=1053 ms
15-07-2026 23:52:09 [http-nio-8530-exec-5] INFO  42de3045-7b00-490e-8286-e038c56bc82e com.cat.inv.configuaciones.FiltroPeticionLogeado - ➡️ Nueva petición | IP=127.0.0.1 | Método=POST | Endpoint=/Inventario/v1/Catalogos/Consulta/Catalogo | RequestId=42de3045-7b00-490e-8286-e038c56bc82e
15-07-2026 23:52:09 [http-nio-8530-exec-5] INFO  42de3045-7b00-490e-8286-e038c56bc82e com.cat.inv.servicio.CatalogoInv - 🔐 Validando credenciales...
15-07-2026 23:52:09 [http-nio-8530-exec-5] INFO  42de3045-7b00-490e-8286-e038c56bc82e com.cat.inv.servicio.CatalogoInv - ✔ Credenciales válidas, consultando catálogo...
15-07-2026 23:52:09 [http-nio-8530-exec-5] INFO  42de3045-7b00-490e-8286-e038c56bc82e com.cat.inv.repositorio.ConsultaCatalogo - Ejecutando SP de consulta a la BD
15-07-2026 23:52:10 [http-nio-8530-exec-5] INFO  42de3045-7b00-490e-8286-e038c56bc82e com.cat.inv.servicio.CatalogoInv - 📤 Consulta completada. Registros obtenidos: 126
15-07-2026 23:52:10 [http-nio-8530-exec-5] INFO  42de3045-7b00-490e-8286-e038c56bc82e com.cat.inv.configuaciones.FiltroPeticionLogeado - ⬅️ Petición finalizada | RequestId=42de3045-7b00-490e-8286-e038c56bc82e | Tiempo=1081 ms
15-07-2026 23:53:02 [RMI TCP Connection(165)-127.0.0.1] INFO   org.springframework.boot.admin.SpringApplicationAdminMXBeanRegistrar$SpringApplicationAdmin - Application shutdown requested.
15-07-2026 23:53:02 [RMI TCP Connection(165)-127.0.0.1] INFO   org.apache.coyote.http11.Http11NioProtocol - Stopping ProtocolHandler ["http-nio-8530"]
15-07-2026 23:53:02 [RMI TCP Connection(165)-127.0.0.1] INFO   com.zaxxer.hikari.HikariDataSource - HikariPool-Catalogos - Shutdown initiated...
15-07-2026 23:53:03 [RMI TCP Connection(165)-127.0.0.1] INFO   com.zaxxer.hikari.HikariDataSource - HikariPool-Catalogos - Shutdown completed.
